// Jest Snapshot v1, https://goo.gl/fbAQLP

exports[`App renders component correctly 1`] = `
<div>
  <h1>
    Welcome to ToneDev
  </h1>
  <Link
    replace={false}
    to="/orgs"
  >
    View Top 5 Organizations
  </Link>
  <br />
  <Link
    replace={false}
    to="/repos"
  >
    View By Repo
  </Link>
  <br />
  <Link
    replace={false}
    to="/user"
  >
    User Stats
  </Link>
</div>
`;
